<html>
<body>
<pre>
<h1>礦ision Build Log</h1>
<h2>Tool Versions:</h2>
IDE-Version: μVision V5.14.0.0
Copyright (C) 2015 ARM Ltd and ARM Germany GmbH. All rights reserved.
License Information: ctos obito, ctOS, LIC=R4HY8-3F16W-LV81I-T3MCC-R17VC-DNPJV
 
Tool Versions:
Toolchain:       MDK-ARM Professional  Version: 5.14.0.0
Toolchain Path:  I:\MDK5\MDK5\ARM\ARMCC\Bin
C Compiler:      Armcc.exe V5.05 update 1 (build 106)
Assembler:       Armasm.exe V5.05 update 1 (build 106)
Linker/Locator:  ArmLink.exe V5.05 update 1 (build 106)
Library Manager: ArmAr.exe V5.05 update 1 (build 106)
Hex Converter:   FromElf.exe V5.05 update 1 (build 106)
CPU DLL:         SARMCM3.DLL V5.14.0.0
Dialog DLL:      DCM.DLL V1.13.1.0
Target DLL:      Segger\JL2CM3.dll V2.99.13.0
Dialog DLL:      TCM.DLL V1.14.4.0
 
<h2>Project:</h2>
I:\个人作品资料\mini电报机\mini电报机 - 副本\USER\测试.uvprojx
Project File Date:  01/30/2019

<h2>Output:</h2>
Build target 'Target 1'
compiling pwm_output.c...
linking...
Program Size: Code=4056 RO-data=268 RW-data=1688 ZI-data=1632  
FromELF: creating hex file...
"..\OBJ\测试.axf" - 0 Error(s), 0 Warning(s).

<h2>Collection of Component include folders:</h2>
  I:\个人作品资料\mini电报机\mini电报机 - 副本\USER\RTE
  I:\MDK5\MDK5\ARM\PACK\Keil\STM32F1xx_DFP\1.0.5\Device\Include

<h2>Collection of Component Files used:</h2>
</pre>
</body>
</html>
